// Jest Snapshot v1, https://goo.gl/fbAQLP

exports[`Decisiones Component debe de hacer match 1`] = `
<h1>Indecision</h1>
<!--v-if-->
<div class="bg-dark"></div>
<div class="indecision-container"><input type="text" placeholder="Hazme una pregunta">
  <p>Para finalizar, introduce el signo (?)</p>
  <!--v-if-->
</div>
`;
