// Jest Snapshot v1, https://goo.gl/fbAQLP

exports[`Pruebas en el entryView debe de mostrar la entrada correctamente 1`] = `
<div class="entry-title d-flex justify-content-between p-2">
  <div><span class="text-success fs-3 fw-bold">18</span><span class="mx-1 fs-3">Enero</span><span class="mx-2 fs-4 fw-light">2022, Martes</span></div>
  <div><input type="file" accept="image/png, image/jpeg" style="display: none;"><button class="btn btn-danger mx-2"> Borrar <i class="fa fa-trash-alt"></i></button><button class="btn btn-primay"> Subir foto <i class="fa fa-upload"></i></button></div>
</div>
<hr>
<div class="d-flex flex-column px-3 h-75"><textarea placeholder="¿Que tal el día?"></textarea></div>
<fab-stub icon="fa-save"></fab-stub>
<img src="https://res.cloudinary.com/dh7vxoobp/image/upload/v1642525586/curso-vue/pozoaza6dalj76fxwic6.png" alt="entry-picture" class="img-thumbnail">
<!--v-if-->
`;
